
=====================================================================
This module is intended solely for building or source activating user
python environments, i.e.,

    mamba create -n myenv -c conda-forge

or

    source activate myenv

To list available environments, run:

    mamba info --envs

See our docs: https://links.asu.edu/solpy

Any other use is NOT TESTED.
=====================================================================

  
python: can't open file 'AUCp_test.py': [Errno 2] No such file or directory
python: can't open file 'AUCp_test.py': [Errno 2] No such file or directory
python: can't open file 'AUCp_test.py': [Errno 2] No such file or directory
python: can't open file 'AUCp_test.py': [Errno 2] No such file or directory
python: can't open file 'AUCp_test.py': [Errno 2] No such file or directory
python: can't open file 'AUCp_test.py': [Errno 2] No such file or directory
python: can't open file 'AUCp_test.py': [Errno 2] No such file or directory
python: can't open file 'AUCp_test.py': [Errno 2] No such file or directory
python: can't open file 'AUCp_test.py': [Errno 2] No such file or directory
python: can't open file 'AUCp_test.py': [Errno 2] No such file or directory
python: can't open file 'AUCp_test.py': [Errno 2] No such file or directory
python: can't open file 'AUCp_test.py': [Errno 2] No such file or directory
